=== EPSTEIN ARCHIVE CREDIBILITY TESTS (v13.0.0 PRE-FLIGHT) ===

PRAGMA journal_mode = WAL
PRAGMA foreign_keys = ON
PRAGMA synchronous = NORMAL
PRAGMA temp_store = MEMORY
[1/4] Checking Forensic Invariants...

      SELECT count(*) as count FROM entities 
      WHERE id NOT IN (SELECT entity_id FROM entity_mentions)
    
❌ FAIL: found 40382 entities without any entity_mentions.

      SELECT count(*) as count FROM entity_relationships 
      WHERE ingest_run_id IS NULL OR evidence_pack_json IS NULL
    
❌ FAIL: found 1704062 relationships missing ingest_run_id.

[2/4] Validating Security Fencing...
✅ PASS: Viewer role correctly restricted from destructive/sensitive POST operations.

[3/4] Benchmarking Search Performance...

        SELECT rowid FROM entities_fts WHERE entities_fts MATCH 'flight' LIMIT 10
      
- Query "flight": 10 results in 2ms

        SELECT rowid FROM entities_fts WHERE entities_fts MATCH 'epstein' LIMIT 10
      
- Query "epstein": 10 results in 1ms

        SELECT rowid FROM entities_fts WHERE entities_fts MATCH 'mansion' LIMIT 10
      
- Query "mansion": 10 results in 0ms

        SELECT rowid FROM entities_fts WHERE entities_fts MATCH 'island' LIMIT 10
      
- Query "island": 10 results in 0ms
✅ PASS: Search benchmarks complete.

[4/4] Verifying FTS Synchronization...
SELECT COUNT(*) as count FROM entities
SELECT COUNT(*) as count FROM entities_fts
SELECT COUNT(*) as count FROM documents
SELECT COUNT(*) as count FROM documents_fts
SELECT COUNT(*) as count FROM media_items
Error checking integrity for media_items: SqliteError: no such table: media_images_fts
    at Database.prepare (/Users/veland/Downloads/Epstein Files/epstein-archive/node_modules/.pnpm/better-sqlite3@12.6.2/node_modules/better-sqlite3/lib/methods/wrappers.js:5:21)
    at Function.checkIntegrity (/Users/veland/Downloads/Epstein Files/epstein-archive/src/server/services/ftsMaintenance.ts:27:30)
    at runCredibilityTests (/Users/veland/Downloads/Epstein Files/epstein-archive/scripts/credibility_tests.ts:89:51)
    at <anonymous> (/Users/veland/Downloads/Epstein Files/epstein-archive/scripts/credibility_tests.ts:115:1)
    at ModuleJob.run (node:internal/modules/esm/module_job:263:25)
    at async ModuleLoader.import (node:internal/modules/esm/loader:540:24)
    at async asyncRunEntryPointWithESMLoader (node:internal/modules/run_main:117:5) {
  code: 'SQLITE_ERROR'
}
✅ PASS: All FTS indices are perfectly synced with source tables.

================================================
🔴 ARCHIVE FAILED 2 CREDIBILITY TESTS
